<html>
<body>
<pre>
<h1>µVision Build Log</h1>
<h2>Tool Versions:</h2>
IDE-Version: µVision V5.23.0.0
Copyright (C) 2017 ARM Ltd and ARM Germany GmbH. All rights reserved.
License Information: MJ Bezuidenhout, Student, LIC=----
 
Tool Versions:
Toolchain:       MDK-Lite  Version: 5.23
Toolchain Path:  C:\Keil_v5\ARM\ARMCC\Bin
C Compiler:      Armcc.exe V5.06 update 4 (build 422)
Assembler:       Armasm.exe V5.06 update 4 (build 422)
Linker/Locator:  ArmLink.exe V5.06 update 4 (build 422)
Library Manager: ArmAr.exe V5.06 update 4 (build 422)
Hex Converter:   FromElf.exe V5.06 update 4 (build 422)
CPU DLL:         SARMCM3.DLL V5.23
Dialog DLL:      DCM.DLL V1.15.0.0
Target DLL:      STLink\ST-LINKIII-KEIL_SWO.dll V2.0.18.0
Dialog DLL:      TCM.DLL V1.27.0.0
 
<h2>Project:</h2>
C:\akademie\EERI418\Practical\PI implimentation\Example\PROJECT-03-STM32F4xx_PID\project.uvprojx
Project File Date:  11/22/2014

<h2>Output:</h2>
*** Using Compiler 'V5.06 update 4 (build 422)', folder: 'C:\Keil_v5\ARM\ARMCC\Bin'
Rebuild target 'Nucleo-F401'
assembling startup_stm32f401xx.s...
compiling misc.c...
compiling stm32f4xx_rcc.c...
compiling stm32f4xx_gpio.c...
compiling stm32f4xx_usart.c...
compiling tm_stm32f4_delay.c...
compiling stm32f4xx_tim.c...
compiling tm_stm32f4_disco.c...
compiling tm_stm32f4_ds18b20.c...
compiling tm_stm32f4_onewire.c...
compiling tm_stm32f4_pwm.c...
compiling tm_stm32f4_timer_properties.c...
compiling tm_stm32f4_usart.c...
compiling main.c...
compiling stm32f4xx_it.c...
compiling system_stm32f4xx.c...
compiling arm_pid_reset_f32.c...
compiling arm_pid_init_f32.c...
linking...
Program Size: Code=19488 RO-data=700 RW-data=72 ZI-data=1936  
FromELF: creating hex file...
".\Targets\Nucleo_F401\project.axf" - 0 Error(s), 0 Warning(s).

<h2>Collection of Component include folders:</h2>
  .\RTE\_Nucleo-F401
  C:\Keil_v5\ARM\PACK\Keil\STM32F4xx_DFP\2.11.0\Drivers\CMSIS\Device\ST\STM32F4xx\Include

<h2>Collection of Component Files used:</h2>
Build Time Elapsed:  00:00:04
</pre>
</body>
</html>
